../Core/Src/main.c:75:5:GNSS_PRINT	16	static
../Core/Src/main.c:86:6:GNSS_DATA_SendCommand	24	static
../Core/Src/main.c:105:6:GPS_ParseGPGGA	64	static
../Core/Src/main.c:128:5:main	32	static
../Core/Src/main.c:211:6:SystemClock_Config	128	static
../Core/Src/main.c:256:13:MX_ICACHE_Init	8	static
../Core/Src/main.c:288:13:MX_UART4_Init	8	static
../Core/Src/main.c:336:13:MX_USART1_UART_Init	8	static
../Core/Src/main.c:384:13:MX_GPIO_Init	16	static
../Core/Src/main.c:404:6:Error_Handler	4	static,ignoring_inline_asm
